[0.994s] Invoking command in '/home/alyssa/Documenten/GitHub/Selfdriving-portfolio-2': DEBUGINFOD_URLS=https://debuginfod.ubuntu.com PYTHONPATH=/home/alyssa/Documenten/GitHub/Selfdriving-portfolio-2/build/odometry_pkg/prefix_override:/usr/lib/python3/dist-packages/colcon_core/task/python/colcon_distutils_commands:/home/alyssa/Documenten/GitHub/Selfdriving-portfolio-2/install/odometry_pkg/lib/python3.12/site-packages:${PYTHONPATH} VIRTUAL_ENV_PROMPT=(duckie_env) /usr/bin/python3 -W ignore:setup.py install is deprecated -W ignore:easy_install command is deprecated setup.py egg_info --egg-base build/odometry_pkg build --build-base /home/alyssa/Documenten/GitHub/Selfdriving-portfolio-2/build/odometry_pkg/build install --record /home/alyssa/Documenten/GitHub/Selfdriving-portfolio-2/build/odometry_pkg/install.log --single-version-externally-managed install_data
[1.312s] running egg_info
[1.331s] writing build/odometry_pkg/odometry_pkg.egg-info/PKG-INFO
[1.331s] writing dependency_links to build/odometry_pkg/odometry_pkg.egg-info/dependency_links.txt
[1.331s] writing entry points to build/odometry_pkg/odometry_pkg.egg-info/entry_points.txt
[1.331s] writing requirements to build/odometry_pkg/odometry_pkg.egg-info/requires.txt
[1.331s] writing top-level names to build/odometry_pkg/odometry_pkg.egg-info/top_level.txt
[1.367s] reading manifest file 'build/odometry_pkg/odometry_pkg.egg-info/SOURCES.txt'
[1.367s] writing manifest file 'build/odometry_pkg/odometry_pkg.egg-info/SOURCES.txt'
[1.368s] running build
[1.368s] running build_py
[1.368s] running install
[1.373s] running install_lib
[1.390s] running install_data
[1.391s] running install_egg_info
[1.409s] removing '/home/alyssa/Documenten/GitHub/Selfdriving-portfolio-2/install/odometry_pkg/lib/python3.12/site-packages/odometry_pkg-0.0.0-py3.12.egg-info' (and everything under it)
[1.409s] Copying build/odometry_pkg/odometry_pkg.egg-info to /home/alyssa/Documenten/GitHub/Selfdriving-portfolio-2/install/odometry_pkg/lib/python3.12/site-packages/odometry_pkg-0.0.0-py3.12.egg-info
[1.411s] running install_scripts
[1.488s] Installing encoder_sim_node script to /home/alyssa/Documenten/GitHub/Selfdriving-portfolio-2/install/odometry_pkg/lib/odometry_pkg
[1.488s] Installing odometry_node script to /home/alyssa/Documenten/GitHub/Selfdriving-portfolio-2/install/odometry_pkg/lib/odometry_pkg
[1.488s] Installing slam_node script to /home/alyssa/Documenten/GitHub/Selfdriving-portfolio-2/install/odometry_pkg/lib/odometry_pkg
[1.489s] writing list of installed files to '/home/alyssa/Documenten/GitHub/Selfdriving-portfolio-2/build/odometry_pkg/install.log'
[1.520s] Invoked command in '/home/alyssa/Documenten/GitHub/Selfdriving-portfolio-2' returned '0': DEBUGINFOD_URLS=https://debuginfod.ubuntu.com PYTHONPATH=/home/alyssa/Documenten/GitHub/Selfdriving-portfolio-2/build/odometry_pkg/prefix_override:/usr/lib/python3/dist-packages/colcon_core/task/python/colcon_distutils_commands:/home/alyssa/Documenten/GitHub/Selfdriving-portfolio-2/install/odometry_pkg/lib/python3.12/site-packages:${PYTHONPATH} VIRTUAL_ENV_PROMPT=(duckie_env) /usr/bin/python3 -W ignore:setup.py install is deprecated -W ignore:easy_install command is deprecated setup.py egg_info --egg-base build/odometry_pkg build --build-base /home/alyssa/Documenten/GitHub/Selfdriving-portfolio-2/build/odometry_pkg/build install --record /home/alyssa/Documenten/GitHub/Selfdriving-portfolio-2/build/odometry_pkg/install.log --single-version-externally-managed install_data
