running egg_info
writing build/odometry_pkg/odometry_pkg.egg-info/PKG-INFO
writing dependency_links to build/odometry_pkg/odometry_pkg.egg-info/dependency_links.txt
writing entry points to build/odometry_pkg/odometry_pkg.egg-info/entry_points.txt
writing requirements to build/odometry_pkg/odometry_pkg.egg-info/requires.txt
writing top-level names to build/odometry_pkg/odometry_pkg.egg-info/top_level.txt
reading manifest file 'build/odometry_pkg/odometry_pkg.egg-info/SOURCES.txt'
writing manifest file 'build/odometry_pkg/odometry_pkg.egg-info/SOURCES.txt'
running build
running build_py
copying odometry_pkg/slam_node.py -> /home/alyssa/Documenten/GitHub/Selfdriving-portfolio-2/build/odometry_pkg/build/lib/odometry_pkg
running install
running install_lib
copying /home/alyssa/Documenten/GitHub/Selfdriving-portfolio-2/build/odometry_pkg/build/lib/odometry_pkg/slam_node.py -> /home/alyssa/Documenten/GitHub/Selfdriving-portfolio-2/install/odometry_pkg/lib/python3.12/site-packages/odometry_pkg
byte-compiling /home/alyssa/Documenten/GitHub/Selfdriving-portfolio-2/install/odometry_pkg/lib/python3.12/site-packages/odometry_pkg/slam_node.py to slam_node.cpython-312.pyc
running install_data
running install_egg_info
removing '/home/alyssa/Documenten/GitHub/Selfdriving-portfolio-2/install/odometry_pkg/lib/python3.12/site-packages/odometry_pkg-0.0.0-py3.12.egg-info' (and everything under it)
Copying build/odometry_pkg/odometry_pkg.egg-info to /home/alyssa/Documenten/GitHub/Selfdriving-portfolio-2/install/odometry_pkg/lib/python3.12/site-packages/odometry_pkg-0.0.0-py3.12.egg-info
running install_scripts
Installing camera_sim_node script to /home/alyssa/Documenten/GitHub/Selfdriving-portfolio-2/install/odometry_pkg/lib/odometry_pkg
Installing encoder_sim_node script to /home/alyssa/Documenten/GitHub/Selfdriving-portfolio-2/install/odometry_pkg/lib/odometry_pkg
Installing odometry_node script to /home/alyssa/Documenten/GitHub/Selfdriving-portfolio-2/install/odometry_pkg/lib/odometry_pkg
Installing slam_node script to /home/alyssa/Documenten/GitHub/Selfdriving-portfolio-2/install/odometry_pkg/lib/odometry_pkg
writing list of installed files to '/home/alyssa/Documenten/GitHub/Selfdriving-portfolio-2/build/odometry_pkg/install.log'
