[2.464s] Invoking command in '/home/alyssa/Documenten/GitHub/Selfdriving-portfolio-2': DEBUGINFOD_URLS=https://debuginfod.ubuntu.com PYTHONPATH=/home/alyssa/Documenten/GitHub/Selfdriving-portfolio-2/build/odometry_pkg/prefix_override:/usr/lib/python3/dist-packages/colcon_core/task/python/colcon_distutils_commands:/home/alyssa/Documenten/GitHub/Selfdriving-portfolio-2/install/odometry_pkg/lib/python3.12/site-packages:${PYTHONPATH} /usr/bin/python3 -W ignore:setup.py install is deprecated -W ignore:easy_install command is deprecated setup.py egg_info --egg-base build/odometry_pkg build --build-base /home/alyssa/Documenten/GitHub/Selfdriving-portfolio-2/build/odometry_pkg/build install --record /home/alyssa/Documenten/GitHub/Selfdriving-portfolio-2/build/odometry_pkg/install.log --single-version-externally-managed install_data
[3.383s] running egg_info
[3.440s] writing build/odometry_pkg/odometry_pkg.egg-info/PKG-INFO
[3.441s] writing dependency_links to build/odometry_pkg/odometry_pkg.egg-info/dependency_links.txt
[3.442s] writing entry points to build/odometry_pkg/odometry_pkg.egg-info/entry_points.txt
[3.443s] writing requirements to build/odometry_pkg/odometry_pkg.egg-info/requires.txt
[3.443s] writing top-level names to build/odometry_pkg/odometry_pkg.egg-info/top_level.txt
[3.555s] reading manifest file 'build/odometry_pkg/odometry_pkg.egg-info/SOURCES.txt'
[3.557s] writing manifest file 'build/odometry_pkg/odometry_pkg.egg-info/SOURCES.txt'
[3.557s] running build
[3.558s] running build_py
[3.558s] copying odometry_pkg/camera_sim_node.py -> /home/alyssa/Documenten/GitHub/Selfdriving-portfolio-2/build/odometry_pkg/build/lib/odometry_pkg
[3.559s] running install
[3.575s] running install_lib
[3.636s] copying /home/alyssa/Documenten/GitHub/Selfdriving-portfolio-2/build/odometry_pkg/build/lib/odometry_pkg/camera_sim_node.py -> /home/alyssa/Documenten/GitHub/Selfdriving-portfolio-2/install/odometry_pkg/lib/python3.12/site-packages/odometry_pkg
[3.638s] byte-compiling /home/alyssa/Documenten/GitHub/Selfdriving-portfolio-2/install/odometry_pkg/lib/python3.12/site-packages/odometry_pkg/camera_sim_node.py to camera_sim_node.cpython-312.pyc
[3.640s] running install_data
[3.640s] running install_egg_info
[3.698s] removing '/home/alyssa/Documenten/GitHub/Selfdriving-portfolio-2/install/odometry_pkg/lib/python3.12/site-packages/odometry_pkg-0.0.0-py3.12.egg-info' (and everything under it)
[3.699s] Copying build/odometry_pkg/odometry_pkg.egg-info to /home/alyssa/Documenten/GitHub/Selfdriving-portfolio-2/install/odometry_pkg/lib/python3.12/site-packages/odometry_pkg-0.0.0-py3.12.egg-info
[3.702s] running install_scripts
[3.903s] Installing camera_sim_node script to /home/alyssa/Documenten/GitHub/Selfdriving-portfolio-2/install/odometry_pkg/lib/odometry_pkg
[3.903s] Installing encoder_sim_node script to /home/alyssa/Documenten/GitHub/Selfdriving-portfolio-2/install/odometry_pkg/lib/odometry_pkg
[3.904s] Installing odometry_node script to /home/alyssa/Documenten/GitHub/Selfdriving-portfolio-2/install/odometry_pkg/lib/odometry_pkg
[3.904s] Installing slam_node script to /home/alyssa/Documenten/GitHub/Selfdriving-portfolio-2/install/odometry_pkg/lib/odometry_pkg
[3.905s] writing list of installed files to '/home/alyssa/Documenten/GitHub/Selfdriving-portfolio-2/build/odometry_pkg/install.log'
[3.962s] Invoked command in '/home/alyssa/Documenten/GitHub/Selfdriving-portfolio-2' returned '0': DEBUGINFOD_URLS=https://debuginfod.ubuntu.com PYTHONPATH=/home/alyssa/Documenten/GitHub/Selfdriving-portfolio-2/build/odometry_pkg/prefix_override:/usr/lib/python3/dist-packages/colcon_core/task/python/colcon_distutils_commands:/home/alyssa/Documenten/GitHub/Selfdriving-portfolio-2/install/odometry_pkg/lib/python3.12/site-packages:${PYTHONPATH} /usr/bin/python3 -W ignore:setup.py install is deprecated -W ignore:easy_install command is deprecated setup.py egg_info --egg-base build/odometry_pkg build --build-base /home/alyssa/Documenten/GitHub/Selfdriving-portfolio-2/build/odometry_pkg/build install --record /home/alyssa/Documenten/GitHub/Selfdriving-portfolio-2/build/odometry_pkg/install.log --single-version-externally-managed install_data
