[1.730s] Invoking command in '/home/alyssa/Documenten/GitHub/Selfdriving-portfolio-2': DEBUGINFOD_URLS=https://debuginfod.ubuntu.com PYTHONPATH=/home/alyssa/Documenten/GitHub/Selfdriving-portfolio-2/build/odometry_pkg/prefix_override:/usr/lib/python3/dist-packages/colcon_core/task/python/colcon_distutils_commands:/home/alyssa/Documenten/GitHub/Selfdriving-portfolio-2/install/odometry_pkg/lib/python3.12/site-packages:${PYTHONPATH} /usr/bin/python3 -W ignore:setup.py install is deprecated -W ignore:easy_install command is deprecated setup.py egg_info --egg-base build/odometry_pkg build --build-base /home/alyssa/Documenten/GitHub/Selfdriving-portfolio-2/build/odometry_pkg/build install --record /home/alyssa/Documenten/GitHub/Selfdriving-portfolio-2/build/odometry_pkg/install.log --single-version-externally-managed install_data
[2.371s] running egg_info
[2.406s] writing build/odometry_pkg/odometry_pkg.egg-info/PKG-INFO
[2.406s] writing dependency_links to build/odometry_pkg/odometry_pkg.egg-info/dependency_links.txt
[2.407s] writing entry points to build/odometry_pkg/odometry_pkg.egg-info/entry_points.txt
[2.407s] writing requirements to build/odometry_pkg/odometry_pkg.egg-info/requires.txt
[2.407s] writing top-level names to build/odometry_pkg/odometry_pkg.egg-info/top_level.txt
[2.486s] reading manifest file 'build/odometry_pkg/odometry_pkg.egg-info/SOURCES.txt'
[2.487s] writing manifest file 'build/odometry_pkg/odometry_pkg.egg-info/SOURCES.txt'
[2.488s] running build
[2.488s] running build_py
[2.488s] copying odometry_pkg/camera_sim_node.py -> /home/alyssa/Documenten/GitHub/Selfdriving-portfolio-2/build/odometry_pkg/build/lib/odometry_pkg
[2.489s] running install
[2.499s] running install_lib
[2.540s] copying /home/alyssa/Documenten/GitHub/Selfdriving-portfolio-2/build/odometry_pkg/build/lib/odometry_pkg/camera_sim_node.py -> /home/alyssa/Documenten/GitHub/Selfdriving-portfolio-2/install/odometry_pkg/lib/python3.12/site-packages/odometry_pkg
[2.541s] byte-compiling /home/alyssa/Documenten/GitHub/Selfdriving-portfolio-2/install/odometry_pkg/lib/python3.12/site-packages/odometry_pkg/camera_sim_node.py to camera_sim_node.cpython-312.pyc
[2.542s] running install_data
[2.543s] running install_egg_info
[2.583s] removing '/home/alyssa/Documenten/GitHub/Selfdriving-portfolio-2/install/odometry_pkg/lib/python3.12/site-packages/odometry_pkg-0.0.0-py3.12.egg-info' (and everything under it)
[2.583s] Copying build/odometry_pkg/odometry_pkg.egg-info to /home/alyssa/Documenten/GitHub/Selfdriving-portfolio-2/install/odometry_pkg/lib/python3.12/site-packages/odometry_pkg-0.0.0-py3.12.egg-info
[2.585s] running install_scripts
[2.723s] Installing camera_sim_node script to /home/alyssa/Documenten/GitHub/Selfdriving-portfolio-2/install/odometry_pkg/lib/odometry_pkg
[2.723s] Installing encoder_sim_node script to /home/alyssa/Documenten/GitHub/Selfdriving-portfolio-2/install/odometry_pkg/lib/odometry_pkg
[2.723s] Installing odometry_node script to /home/alyssa/Documenten/GitHub/Selfdriving-portfolio-2/install/odometry_pkg/lib/odometry_pkg
[2.724s] Installing slam_node script to /home/alyssa/Documenten/GitHub/Selfdriving-portfolio-2/install/odometry_pkg/lib/odometry_pkg
[2.725s] writing list of installed files to '/home/alyssa/Documenten/GitHub/Selfdriving-portfolio-2/build/odometry_pkg/install.log'
[2.769s] Invoked command in '/home/alyssa/Documenten/GitHub/Selfdriving-portfolio-2' returned '0': DEBUGINFOD_URLS=https://debuginfod.ubuntu.com PYTHONPATH=/home/alyssa/Documenten/GitHub/Selfdriving-portfolio-2/build/odometry_pkg/prefix_override:/usr/lib/python3/dist-packages/colcon_core/task/python/colcon_distutils_commands:/home/alyssa/Documenten/GitHub/Selfdriving-portfolio-2/install/odometry_pkg/lib/python3.12/site-packages:${PYTHONPATH} /usr/bin/python3 -W ignore:setup.py install is deprecated -W ignore:easy_install command is deprecated setup.py egg_info --egg-base build/odometry_pkg build --build-base /home/alyssa/Documenten/GitHub/Selfdriving-portfolio-2/build/odometry_pkg/build install --record /home/alyssa/Documenten/GitHub/Selfdriving-portfolio-2/build/odometry_pkg/install.log --single-version-externally-managed install_data
