[1.777s] Invoking command in '/home/alyssa/Documenten/GitHub/Selfdriving-portfolio-2': DEBUGINFOD_URLS=https://debuginfod.ubuntu.com PYTHONPATH=/home/alyssa/Documenten/GitHub/Selfdriving-portfolio-2/build/odometry_pkg/prefix_override:/usr/lib/python3/dist-packages/colcon_core/task/python/colcon_distutils_commands:/home/alyssa/Documenten/GitHub/Selfdriving-portfolio-2/install/odometry_pkg/lib/python3.12/site-packages:${PYTHONPATH} /usr/bin/python3 -W ignore:setup.py install is deprecated -W ignore:easy_install command is deprecated setup.py egg_info --egg-base build/odometry_pkg build --build-base /home/alyssa/Documenten/GitHub/Selfdriving-portfolio-2/build/odometry_pkg/build install --record /home/alyssa/Documenten/GitHub/Selfdriving-portfolio-2/build/odometry_pkg/install.log --single-version-externally-managed install_data
[2.500s] running egg_info
[2.541s] writing build/odometry_pkg/odometry_pkg.egg-info/PKG-INFO
[2.542s] writing dependency_links to build/odometry_pkg/odometry_pkg.egg-info/dependency_links.txt
[2.542s] writing entry points to build/odometry_pkg/odometry_pkg.egg-info/entry_points.txt
[2.543s] writing requirements to build/odometry_pkg/odometry_pkg.egg-info/requires.txt
[2.543s] writing top-level names to build/odometry_pkg/odometry_pkg.egg-info/top_level.txt
[2.621s] reading manifest file 'build/odometry_pkg/odometry_pkg.egg-info/SOURCES.txt'
[2.623s] writing manifest file 'build/odometry_pkg/odometry_pkg.egg-info/SOURCES.txt'
[2.624s] running build
[2.624s] running build_py
[2.625s] copying odometry_pkg/slam_node.py -> /home/alyssa/Documenten/GitHub/Selfdriving-portfolio-2/build/odometry_pkg/build/lib/odometry_pkg
[2.625s] running install
[2.636s] running install_lib
[2.677s] copying /home/alyssa/Documenten/GitHub/Selfdriving-portfolio-2/build/odometry_pkg/build/lib/odometry_pkg/slam_node.py -> /home/alyssa/Documenten/GitHub/Selfdriving-portfolio-2/install/odometry_pkg/lib/python3.12/site-packages/odometry_pkg
[2.678s] byte-compiling /home/alyssa/Documenten/GitHub/Selfdriving-portfolio-2/install/odometry_pkg/lib/python3.12/site-packages/odometry_pkg/slam_node.py to slam_node.cpython-312.pyc
[2.681s] running install_data
[2.681s] running install_egg_info
[2.722s] removing '/home/alyssa/Documenten/GitHub/Selfdriving-portfolio-2/install/odometry_pkg/lib/python3.12/site-packages/odometry_pkg-0.0.0-py3.12.egg-info' (and everything under it)
[2.724s] Copying build/odometry_pkg/odometry_pkg.egg-info to /home/alyssa/Documenten/GitHub/Selfdriving-portfolio-2/install/odometry_pkg/lib/python3.12/site-packages/odometry_pkg-0.0.0-py3.12.egg-info
[2.725s] running install_scripts
[2.874s] Installing camera_sim_node script to /home/alyssa/Documenten/GitHub/Selfdriving-portfolio-2/install/odometry_pkg/lib/odometry_pkg
[2.874s] Installing encoder_sim_node script to /home/alyssa/Documenten/GitHub/Selfdriving-portfolio-2/install/odometry_pkg/lib/odometry_pkg
[2.874s] Installing odometry_node script to /home/alyssa/Documenten/GitHub/Selfdriving-portfolio-2/install/odometry_pkg/lib/odometry_pkg
[2.875s] Installing slam_node script to /home/alyssa/Documenten/GitHub/Selfdriving-portfolio-2/install/odometry_pkg/lib/odometry_pkg
[2.876s] writing list of installed files to '/home/alyssa/Documenten/GitHub/Selfdriving-portfolio-2/build/odometry_pkg/install.log'
[2.918s] Invoked command in '/home/alyssa/Documenten/GitHub/Selfdriving-portfolio-2' returned '0': DEBUGINFOD_URLS=https://debuginfod.ubuntu.com PYTHONPATH=/home/alyssa/Documenten/GitHub/Selfdriving-portfolio-2/build/odometry_pkg/prefix_override:/usr/lib/python3/dist-packages/colcon_core/task/python/colcon_distutils_commands:/home/alyssa/Documenten/GitHub/Selfdriving-portfolio-2/install/odometry_pkg/lib/python3.12/site-packages:${PYTHONPATH} /usr/bin/python3 -W ignore:setup.py install is deprecated -W ignore:easy_install command is deprecated setup.py egg_info --egg-base build/odometry_pkg build --build-base /home/alyssa/Documenten/GitHub/Selfdriving-portfolio-2/build/odometry_pkg/build install --record /home/alyssa/Documenten/GitHub/Selfdriving-portfolio-2/build/odometry_pkg/install.log --single-version-externally-managed install_data
