[0.798s] Invoking command in '/home/alyssa/Documenten/GitHub/Selfdriving-portfolio-2': DEBUGINFOD_URLS=https://debuginfod.ubuntu.com PYTHONPATH=/home/alyssa/Documenten/GitHub/Selfdriving-portfolio-2/build/odometry_pkg/prefix_override:/usr/lib/python3/dist-packages/colcon_core/task/python/colcon_distutils_commands:/home/alyssa/Documenten/GitHub/Selfdriving-portfolio-2/install/odometry_pkg/lib/python3.12/site-packages:${PYTHONPATH} /usr/bin/python3 -W ignore:setup.py install is deprecated -W ignore:easy_install command is deprecated setup.py egg_info --egg-base build/odometry_pkg build --build-base /home/alyssa/Documenten/GitHub/Selfdriving-portfolio-2/build/odometry_pkg/build install --record /home/alyssa/Documenten/GitHub/Selfdriving-portfolio-2/build/odometry_pkg/install.log --single-version-externally-managed install_data
[1.096s] running egg_info
[1.114s] writing build/odometry_pkg/odometry_pkg.egg-info/PKG-INFO
[1.114s] writing dependency_links to build/odometry_pkg/odometry_pkg.egg-info/dependency_links.txt
[1.115s] writing entry points to build/odometry_pkg/odometry_pkg.egg-info/entry_points.txt
[1.115s] writing requirements to build/odometry_pkg/odometry_pkg.egg-info/requires.txt
[1.115s] writing top-level names to build/odometry_pkg/odometry_pkg.egg-info/top_level.txt
[1.152s] reading manifest file 'build/odometry_pkg/odometry_pkg.egg-info/SOURCES.txt'
[1.153s] writing manifest file 'build/odometry_pkg/odometry_pkg.egg-info/SOURCES.txt'
[1.153s] running build
[1.153s] running build_py
[1.153s] copying odometry_pkg/camera_sim_node.py -> /home/alyssa/Documenten/GitHub/Selfdriving-portfolio-2/build/odometry_pkg/build/lib/odometry_pkg
[1.153s] running install
[1.158s] running install_lib
[1.177s] copying /home/alyssa/Documenten/GitHub/Selfdriving-portfolio-2/build/odometry_pkg/build/lib/odometry_pkg/camera_sim_node.py -> /home/alyssa/Documenten/GitHub/Selfdriving-portfolio-2/install/odometry_pkg/lib/python3.12/site-packages/odometry_pkg
[1.177s] byte-compiling /home/alyssa/Documenten/GitHub/Selfdriving-portfolio-2/install/odometry_pkg/lib/python3.12/site-packages/odometry_pkg/camera_sim_node.py to camera_sim_node.cpython-312.pyc
[1.178s] running install_data
[1.178s] running install_egg_info
[1.197s] removing '/home/alyssa/Documenten/GitHub/Selfdriving-portfolio-2/install/odometry_pkg/lib/python3.12/site-packages/odometry_pkg-0.0.0-py3.12.egg-info' (and everything under it)
[1.197s] Copying build/odometry_pkg/odometry_pkg.egg-info to /home/alyssa/Documenten/GitHub/Selfdriving-portfolio-2/install/odometry_pkg/lib/python3.12/site-packages/odometry_pkg-0.0.0-py3.12.egg-info
[1.198s] running install_scripts
[1.271s] Installing camera_sim_node script to /home/alyssa/Documenten/GitHub/Selfdriving-portfolio-2/install/odometry_pkg/lib/odometry_pkg
[1.271s] Installing encoder_sim_node script to /home/alyssa/Documenten/GitHub/Selfdriving-portfolio-2/install/odometry_pkg/lib/odometry_pkg
[1.271s] Installing odometry_node script to /home/alyssa/Documenten/GitHub/Selfdriving-portfolio-2/install/odometry_pkg/lib/odometry_pkg
[1.271s] Installing slam_node script to /home/alyssa/Documenten/GitHub/Selfdriving-portfolio-2/install/odometry_pkg/lib/odometry_pkg
[1.271s] writing list of installed files to '/home/alyssa/Documenten/GitHub/Selfdriving-portfolio-2/build/odometry_pkg/install.log'
[1.299s] Invoked command in '/home/alyssa/Documenten/GitHub/Selfdriving-portfolio-2' returned '0': DEBUGINFOD_URLS=https://debuginfod.ubuntu.com PYTHONPATH=/home/alyssa/Documenten/GitHub/Selfdriving-portfolio-2/build/odometry_pkg/prefix_override:/usr/lib/python3/dist-packages/colcon_core/task/python/colcon_distutils_commands:/home/alyssa/Documenten/GitHub/Selfdriving-portfolio-2/install/odometry_pkg/lib/python3.12/site-packages:${PYTHONPATH} /usr/bin/python3 -W ignore:setup.py install is deprecated -W ignore:easy_install command is deprecated setup.py egg_info --egg-base build/odometry_pkg build --build-base /home/alyssa/Documenten/GitHub/Selfdriving-portfolio-2/build/odometry_pkg/build install --record /home/alyssa/Documenten/GitHub/Selfdriving-portfolio-2/build/odometry_pkg/install.log --single-version-externally-managed install_data
